
> steering-wheel@0.1.0 dev
> next dev --turbopack

▲ Next.js 16.1.3 (Turbopack)
- Local:         http://localhost:3000
- Network:       http://192.168.0.104:3000
- Environments: .env

✓ Starting...
✓ Ready in 550ms
📦 Webhook received: { topic: 'orders/create', shop: '777performance.myshopify.com' }
📦 All headers: {
  accept: '*/*',
  'accept-encoding': 'gzip, deflate',
  'accept-language': '*',
  connection: 'keep-alive',
  'content-length': '551',
  'content-type': 'application/json',
  host: '127.0.0.1:3000',
  'sec-fetch-mode': 'cors',
  'user-agent': 'node',
  'x-forwarded-for': '::ffff:127.0.0.1',
  'x-forwarded-host': '127.0.0.1:3000',
  'x-forwarded-port': '3000',
  'x-forwarded-proto': 'http',
  'x-shopify-hmac-sha256': 'dummy-hash',
  'x-shopify-shop-domain': '777performance.myshopify.com',
  'x-shopify-topic': 'orders/create'
}
🔑 Secret exists: true
🔑 Secret starts with: shpss_
📦 Body length: 551
📦 Body preview: {"id":123456789,"order_number":1001,"customer":{"first_name":"Test","last_name":"User","email":"test@example.com"},"total_price":"500.00","currency":"USD","created_at":"2026-01-22T02:12:52.504Z","line
🔍 Received HMAC: dummy-hash
🔍 Generated Hash: 7lqhMoYaKWS5sQoU5D6jC16Dqq9B3sR1qFSRAllphoQ=
🔍 Match: false
✅ HMAC verification skipped (testing mode)
📋 Order ID: 123456789
📋 Order Number: 1001
🎯 Configurator order detected (or check skipped for testing)!
📧 Sending notification email...
✅ Email sent successfully
 POST /api/webhooks/shopify/orders 200 in 2.3s (compile: 558ms, render: 1778ms)
[?25h
